// Jest Snapshot v1, https://goo.gl/fbAQLP

exports[`convert 'unsafe' attributes 1`] = `
Object {
  "className": "col-md-4",
  "htmlFor": "nameInput",
  "style": Object {
    "margin": "'0 auto'",
  },
}
`;
